Analyzing AdminWorker_Panel...                                  

   info - 'withOpacity' is deprecated and shouldn't be used. Use .withValues() to avoid precision loss - lib\admin\customer_management_screen.dart:86:43 - deprecated_member_use
   info - 'groupValue' is deprecated and shouldn't be used. Use a RadioGroup ancestor to manage group value instead. This feature was deprecated after v3.32.0-0.0.pre - lib\admin\generate_invoice_screen.dart:443:15 - deprecated_member_use
   info - 'onChanged' is deprecated and shouldn't be used. Use RadioGroup to handle value change instead. This feature was deprecated after v3.32.0-0.0.pre - lib\admin\generate_invoice_screen.dart:444:15 - deprecated_member_use
   info - 'groupValue' is deprecated and shouldn't be used. Use a RadioGroup ancestor to manage group value instead. This feature was deprecated after v3.32.0-0.0.pre - lib\admin\generate_invoice_screen.dart:451:15 - deprecated_member_use
   info - 'onChanged' is deprecated and shouldn't be used. Use RadioGroup to handle value change instead. This feature was deprecated after v3.32.0-0.0.pre - lib\admin\generate_invoice_screen.dart:452:15 - deprecated_member_use
   info - 'value' is deprecated and shouldn't be used. Use initialValue instead. This will set the initial value for the form field. This feature was deprecated after v3.33.0-1.0.pre - lib\admin\service_management_screen.dart:746:19 - deprecated_member_use
   info - 'value' is deprecated and shouldn't be used. Use initialValue instead. This will set the initial value for the form field. This feature was deprecated after v3.33.0-1.0.pre - lib\admin\service_management_screen.dart:918:21 - deprecated_member_use
   info - 'value' is deprecated and shouldn't be used. Use initialValue instead. This will set the initial value for the form field. This feature was deprecated after v3.33.0-1.0.pre - lib\admin\service_management_screen.dart:971:29 - deprecated_member_use
   info - Don't use 'BuildContext's across async gaps, guarded by an unrelated 'mounted' check - lib\admin\service_management_screen.dart:1740:38 - use_build_context_synchronously
   info - 'withOpacity' is deprecated and shouldn't be used. Use .withValues() to avoid precision loss - lib\admin\service_requests_screen.dart:1612:59 - deprecated_member_use
   info - 'withOpacity' is deprecated and shouldn't be used. Use .withValues() to avoid precision loss - lib\admin\service_requests_screen.dart:1889:61 - deprecated_member_use
   info - Unnecessary use of string interpolation - lib\admin\service_requests_screen.dart:2099:17 - unnecessary_string_interpolations
   info - Unnecessary use of string interpolation - lib\admin\withdrawl_requests_screen.dart:660:27 - unnecessary_string_interpolations
   info - 'value' is deprecated and shouldn't be used. Use initialValue instead. This will set the initial value for the form field. This feature was deprecated after v3.33.0-1.0.pre - lib\admin\worker_management_screen.dart:798:21 - deprecated_member_use
   info - 'value' is deprecated and shouldn't be used. Use initialValue instead. This will set the initial value for the form field. This feature was deprecated after v3.33.0-1.0.pre - lib\admin\worker_management_screen.dart:1860:21 - deprecated_member_use
   info - Use 'rethrow' to rethrow a caught exception - lib\providers\app_state_provider.dart:771:9 - use_rethrow_when_possible
   info - Use 'rethrow' to rethrow a caught exception - lib\providers\app_state_provider.dart:852:7 - use_rethrow_when_possible
   info - Unnecessary use of 'toList' in a spread - lib\screens\dashboard\complete_admin_dashboard.dart:1082:16 - unnecessary_to_list_in_spreads
warning - The declaration '_buildQuickActions' isn't referenced - lib\screens\dashboard\worker_dashboard.dart:726:10 - unused_element
   info - Use a 'SizedBox' to add whitespace to a layout - lib\screens\dashboard\worker_dashboard.dart:846:12 - sized_box_for_whitespace
   info - Unnecessary use of string interpolation - lib\screens\dashboard\worker_dashboard.dart:1530:27 - unnecessary_string_interpolations
   info - The type of the right operand ('String') isn't a subtype or a supertype of the left operand ('ServiceRequestStatus') - lib\services\firestore_service.dart:242:28 - unrelated_type_equality_checks
   info - The type of the right operand ('String') isn't a subtype or a supertype of the left operand ('ServiceRequestStatus') - lib\services\firestore_service.dart:254:33 - unrelated_type_equality_checks
   info - The constant name 'ADMIN_STC_ACCOUNT' isn't a lowerCamelCase identifier - lib\services\invoice_service.dart:38:23 - constant_identifier_names
   info - The constant name 'ADMIN_BANK_NAME' isn't a lowerCamelCase identifier - lib\services\invoice_service.dart:39:23 - constant_identifier_names
   info - Statements in an if should be enclosed in a block - lib\services\invoice_service.dart:73:9 - curly_braces_in_flow_control_structures
   info - Unnecessary use of string interpolation - lib\services\invoice_service.dart:414:37 - unnecessary_string_interpolations
   info - Don't invoke 'print' in production code - lib\services\notification_service.dart:11:3 - avoid_print
   info - Don't invoke 'print' in production code - lib\services\notification_service.dart:16:5 - avoid_print
   info - Don't invoke 'print' in production code - lib\services\notification_service.dart:83:5 - avoid_print
  error - The method 'debugPrint' isn't defined for the type 'NotificationService' - lib\services\notification_service.dart:93:7 - undefined_method
  error - The method 'debugPrint' isn't defined for the type 'NotificationService' - lib\services\notification_service.dart:118:7 - undefined_method
   info - Don't invoke 'print' in production code - lib\services\notification_service.dart:132:5 - avoid_print
  error - The method 'debugPrint' isn't defined for the type 'NotificationService' - lib\services\notification_service.dart:155:9 - undefined_method
  error - The method 'debugPrint' isn't defined for the type 'NotificationService' - lib\services\notification_service.dart:181:7 - undefined_method
  error - The method 'debugPrint' isn't defined for the type 'NotificationService' - lib\services\notification_service.dart:193:7 - undefined_method
  error - The method 'debugPrint' isn't defined for the type 'NotificationService' - lib\services\notification_service.dart:199:9 - undefined_method
   info - Don't invoke 'print' in production code - lib\services\notification_service.dart:208:5 - avoid_print
  error - The method 'debugPrint' isn't defined for the type 'NotificationService' - lib\services\notification_service.dart:223:15 - undefined_method
  error - The method 'debugPrint' isn't defined for the type 'NotificationService' - lib\services\notification_service.dart:233:17 - undefined_method
  error - The method 'debugPrint' isn't defined for the type 'NotificationService' - lib\services\notification_service.dart:244:13 - undefined_method
  error - The method 'debugPrint' isn't defined for the type 'NotificationService' - lib\services\notification_service.dart:314:7 - undefined_method
  error - The method 'debugPrint' isn't defined for the type 'NotificationService' - lib\services\notification_service.dart:356:7 - undefined_method
  error - The method 'debugPrint' isn't defined for the type 'NotificationService' - lib\services\notification_service.dart:358:7 - undefined_method
   info - Don't invoke 'print' in production code - lib\services\notification_service.dart:364:5 - avoid_print
   info - Statements in an if should be enclosed in a block - lib\services\service_management_service.dart:176:7 - curly_braces_in_flow_control_structures
   info - 'groupValue' is deprecated and shouldn't be used. Use a RadioGroup ancestor to manage group value instead. This feature was deprecated after v3.32.0-0.0.pre - lib\worker\generate_invoice_screen.dart:793:23 - deprecated_member_use
   info - 'onChanged' is deprecated and shouldn't be used. Use RadioGroup to handle value change instead. This feature was deprecated after v3.32.0-0.0.pre - lib\worker\generate_invoice_screen.dart:794:23 - deprecated_member_use
   info - 'groupValue' is deprecated and shouldn't be used. Use a RadioGroup ancestor to manage group value instead. This feature was deprecated after v3.32.0-0.0.pre - lib\worker\generate_invoice_screen.dart:874:23 - deprecated_member_use
   info - 'onChanged' is deprecated and shouldn't be used. Use RadioGroup to handle value change instead. This feature was deprecated after v3.32.0-0.0.pre - lib\worker\generate_invoice_screen.dart:875:23 - deprecated_member_use
   info - The private field _isLoading could be 'final' - lib\worker\service_detail_screen.dart:23:8 - prefer_final_fields
   info - Unnecessary use of 'toList' in a spread - lib\worker\service_detail_screen.dart:647:20 - unnecessary_to_list_in_spreads
   info - Don't use 'BuildContext's across async gaps, guarded by an unrelated 'mounted' check - lib\worker\service_detail_screen.dart:1255:30 - use_build_context_synchronously
   info - Don't use 'BuildContext's across async gaps, guarded by an unrelated 'mounted' check - lib\worker\service_detail_screen.dart:1684:40 - use_build_context_synchronously
   info - Don't use 'BuildContext's across async gaps, guarded by an unrelated 'mounted' check - lib\worker\service_detail_screen.dart:1720:33 - use_build_context_synchronously
   info - Don't use 'BuildContext's across async gaps, guarded by an unrelated 'mounted' check - lib\worker\service_detail_screen.dart:1724:40 - use_build_context_synchronously
   info - Don't use 'BuildContext's across async gaps - lib\worker\worker_profile_screen.dart:69:9 - use_build_context_synchronously
   info - Don't use 'BuildContext's across async gaps - lib\worker\worker_profile_screen.dart:80:21 - use_build_context_synchronously
   info - Don't use 'BuildContext's across async gaps - lib\worker\worker_profile_screen.dart:90:30 - use_build_context_synchronously
   info - Don't use 'BuildContext's across async gaps - lib\worker\worker_profile_screen.dart:102:30 - use_build_context_synchronously
   info - The imported package 'flutter_test' isn't a dependency of the importing package - test\env_test.dart:1:8 - depend_on_referenced_packages

